======================================================================
Run 1: exact evolution, S(t), tau(t)
======================================================================
  End entropic time tau(20) = 37.058858
  Max bright-sector entropy = 4.078651
======================================================================
Run 2: A7 reconstruction (fidelity to exact t-evolution)
======================================================================
  min fidelity  = 9.871469e-01
  mean fidelity = 0.999971354896
======================================================================
Run 3: state-functional feedback (safe channel)
======================================================================
  t-run: tau(20) = 32.518610
  min fidelity  = 9.854234e-01
  mean fidelity = 0.999974122385
======================================================================
Run 4: label-consuming feedback (control leak)
======================================================================
  t-run: tau(20) = 36.985088
  min fidelity  = 2.310586e-01
  mean fidelity = 0.893799373283
======================================================================
Run 5: lapse-as-state-functional feedback (GLM control; predicted safe)
======================================================================
  t-run: tau(20) = 29.281692
  min fidelity  = 6.276729e-02
  mean fidelity = 0.871331495753
======================================================================
SUMMARY TABLE: min/mean matched-state fidelity
======================================================================
 Run  Description                                   min fidelity     mean fidelity
----------------------------------------------------------------------
   2  A7 reconstruction                             9.871469e-01    0.999971354896
   3  state-functional feedback                     9.854234e-01    0.999974122385
   4  label-consuming feedback                      2.310586e-01    0.893799373283
   5  lapse-as-state-functional (GLM control)       6.276729e-02    0.871331495753
======================================================================
Wrote label_freeness_toy.png
